src/components/analytics/ViewerGeoMap.tsx(69,42): error TS6133: 'entry' is declared but its value is never read.
src/components/AuditTrailDashboard.tsx(13,5): error TS6133: 'CheckCircle' is declared but its value is never read.
src/components/AuditTrailDashboard.tsx(14,5): error TS6133: 'XCircle' is declared but its value is never read.
src/components/DRMSettings.tsx(2,69): error TS6133: 'Calendar' is declared but its value is never read.
src/components/LanguageSelector.tsx(3,1): error TS6133: 'Check' is declared but its value is never read.
src/components/LanguageSelector.tsx(10,11): error TS6133: 'i18n' is declared but its value is never read.
src/components/payment/StripeProvider.tsx(3,22): error TS1484: 'Stripe' is a type and must be imported using a type-only import when 'verbatimModuleSyntax' is enabled.
src/components/payment/SubscriptionManager.tsx(2,33): error TS2307: Cannot find module '../hooks/useSubscription' or its corresponding type declarations.
src/components/payment/SubscriptionManager.tsx(4,26): error TS2307: Cannot find module '../lib/supabase' or its corresponding type declarations.
src/DataRoom.tsx(72,11): error TS6133: 'navigate' is declared but its value is never read.
src/DataRoom.tsx(72,28): error TS2339: Property 'useRouter' does not exist on type 'typeof import("C:/Users/roush/Downloads/doc/DocTransfer-main/node_modules/@types/react/index.d.ts")'.
src/DataRoom.tsx(72,46): error TS2339: Property 'useRouter' does not exist on type 'typeof import("C:/Users/roush/Downloads/doc/DocTransfer-main/node_modules/@types/react/index.d.ts")'.
src/DataRoom.tsx(119,45): error TS6133: 'subLoading' is declared but its value is never read.
src/hooks/useSubscription.ts(251,9): error TS1117: An object literal cannot have multiple properties with the same name.
src/hooks/useSubscription.ts(252,9): error TS1117: An object literal cannot have multiple properties with the same name.
src/LandingPage.tsx(33,9): error TS6133: 't' is declared but its value is never read.
src/lib/drmController.ts(2,10): error TS6133: 'getUserIP' is declared but its value is never read.
src/lib/drmController.ts(3,1): error TS6133: 'generateDeviceFingerprint' is declared but its value is never read.
src/pages/PaymentSuccess.tsx(9,11): error TS6133: 'user' is declared but its value is never read.
src/Pricing.tsx(12,5): error TS6133: 'Shield' is declared but its value is never read.
src/Pricing.tsx(14,5): error TS6133: 'ChevronDown' is declared but its value is never read.
